<!--~
  ~ Copyright 2012 John Moore, Scott Gilroy
  ~
  ~ This file is part of CollaboRhythm.
  ~
  ~ CollaboRhythm is free software: you can redistribute it and/or modify it under the terms of the GNU General Public
  ~ License as published by the Free Software Foundation, either version 2 of the License, or (at your option) any later
  ~ version.
  ~
  ~ CollaboRhythm is distributed in the hope that it will be useful, but WITHOUT ANY WARRANTY; without even the implied
  ~ warranty of MERCHANTABILITY or FITNESS FOR A PARTICULAR PURPOSE.  See the GNU General Public License for more
  ~ details.
  ~
  ~ You should have received a copy of the GNU General Public License along with CollaboRhythm.  If not, see
  ~ <http://www.gnu.org/licenses/>.
  -->
<Reports>
	<Summary total_document_count="2" limit="100" offset="0" order_by="-created_at"/>
	<QueryParams/>
	<Report>
		<Meta>
			<Document id="212c2310-4aa9-4983-b358-22bd65103551"
					  type="http://indivo.org/vocab/xml/documents#HealthActionPlan" size="8966"
					  digest="e42f3d01a68b99825d1a277aa668dcb69610a3e22bf6c6837dfa73f5e8c08af7" record_id="">
				<createdAt>2012-04-18T15:33:03Z</createdAt>
				<creator id="rpoole_test@records.media.mit.edu" type="Account">
					<fullname>Robert Poole</fullname>
				</creator>
				<original id="212c2310-4aa9-4983-b358-22bd65103551"/>
				<status>active</status>
				<nevershare>false</nevershare>
			</Document>
		</Meta>
		<Item>
			<HealthActionPlan
					xmlns:xsi="http://www.w3.org/2001/XMLSchema-instance"
							  xmlns="http://indivo.org/vocab/xml/documents#">
				<name type="http://actions.repository.coded.values/" value="Exercise Plan">Exercise Plan 1</name>
				<planType>prescribed</planType>
				<plannedBy>rpoole@records.media.mit.edu</plannedBy>
				<datePlanned>2012-02-17T12:11:46.4650833-05:00</datePlanned>
				<dateExpires>2014-02-17T14:08:21.8574848-05:00</dateExpires>
				<indication>cardiac rehab</indication>
				<instructions>put on your PulseOxymeter and turn on your VR+kinect system</instructions>
				<system type="http://system.repository.coded.values/" value="1">CardioRehabVR</system>
				<actions>
					<action xsi:type="ActionGroup">
						<position/>
						<stopConditions/>
						<targets>
							<target>
								<name type="http://measures.coded.values/" value="1">Heart Rate</name>
								<minimumValue>
									<unit/>
								</minimumValue>
								<maximumValue>
									<value>140</value>
									<unit type="http://indivo.org/codes/units#" value="m" abbrev="m">bpm</unit>
								</maximumValue>
								<severityLevel type="http://severity.levels.coded.values/" value="2">High
								</severityLevel>
							</target>
							<target>
								<name type="http://measures.coded.values/" value="2">Oxygenation</name>
								<minimumValue>
									<value>92</value>
									<unit type="http://indivo.org/codes/units#" value="m" abbrev="m">%</unit>
								</minimumValue>
								<maximumValue>
									<unit/>
								</maximumValue>
								<severityLevel type="http://severity.levels.coded.values/" value="2">High
								</severityLevel>
							</target>
							<target>
								<name type="http://measures.coded.values/" value="1">Heart Rate</name>
								<minimumValue>
									<value>60</value>
									<unit type="http://indivo.org/codes/units#" value="m" abbrev="m">bpm</unit>
								</minimumValue>
								<maximumValue>
									<value>120</value>
									<unit type="http://indivo.org/codes/units#" value="m" abbrev="m">bpm</unit>
								</maximumValue>
								<severityLevel type="http://severity.levels.coded.values/" value="1">Great Job
								</severityLevel>
							</target>
						</targets>
						<measurementPlans>
							<measurementPlan>
								<name type="http://measures.coded.values/" value="1">Heart Rate</name>
								<type/>
								<aggregationFunction type="http://aggregation.coded.values/">avg</aggregationFunction>
							</measurementPlan>
							<measurementPlan>
								<name type="http://measures.coded.values/" value="1">Heart Rate</name>
								<type/>
								<aggregationFunction type="http://aggregation.coded.values/">max</aggregationFunction>
							</measurementPlan>
							<measurementPlan>
								<name type="http://measures.coded.values/" value="2">Oxygenation</name>
								<type/>
								<aggregationFunction type="http://aggregation.coded.values/">avg</aggregationFunction>
							</measurementPlan>
							<measurementPlan>
								<name type="http://measures.coded.values/" value="2">Oxygenation</name>
								<type/>
								<aggregationFunction type="http://aggregation.coded.values/">min</aggregationFunction>
							</measurementPlan>
							<measurementPlan>
								<name type="http://measures.coded.values/" value="4">MET</name>
								<type/>
								<aggregationFunction type="http://aggregation.coded.values/">sum</aggregationFunction>
							</measurementPlan>
							<measurementPlan>
								<name type="http://measures.coded.values/" value="3">Adherence</name>
								<type/>
								<aggregationFunction type="http://aggregation.coded.values/">avg</aggregationFunction>
							</measurementPlan>
							<measurementPlan>
								<name type="http://measures.coded.values/" value="5">Repetitions</name>
								<type/>
								<aggregationFunction type="http://aggregation.coded.values/">sum</aggregationFunction>
							</measurementPlan>
						</measurementPlans>
						<devicePlans>
							<devicePlan>
								<name type="http://equipment.coded.values/" value="1">Nonin Onyx II</name>
								<type type="http://equipment.coded.values/" value="1">PulseOxymeter</type>
								<value/>
								<site type="http://equipment.coded.values/" value="1">Index Finger Right Hand</site>
								<instructions>put on the PulseOxymeter</instructions>
							</devicePlan>
						</devicePlans>
						<medicationPlans/>

						<repeatCount>1</repeatCount>

						<actions>
							<action xsi:type="ActionGroup">
								<position/>
								<stopConditions>
									<stopCondition>
										<name type="http://measures.coded.values/" value="6">Time</name>
										<value>
											<value>1200</value>
											<unit type="http://indivo.org/codes/units#" value="s" abbrev="s">seconds
											</unit>
										</value>
										<operator type="http://comparison.operators/" value="2">Greater or equal than
										</operator>
										<detail/>
									</stopCondition>
								</stopConditions>
								<targets/>
								<measurementPlans/>
								<devicePlans/>
								<medicationPlans/>

								<repeatCount>3</repeatCount>

								<actions>
									<action xsi:type="ActionStep">
										<position/>
										<stopConditions>
											<stopCondition>
												<name type="http://measures.coded.values/" value="7">Repetitions</name>
												<value>
													<value>10</value>
													<unit type="http://indivo.org/codes/units#" value="t" abbrev="t">
														Times
													</unit>
												</value>
												<operator type="http://comparison.operators/" value="2">Greater or equal
													than
												</operator>
												<detail/>
											</stopCondition>
										</stopConditions>
										<targets/>
										<measurementPlans/>
										<devicePlans/>
										<medicationPlans/>

										<name type="http://actions.repository/" value="2">Side Bend</name>
										<type type="http://actions.repository.type/" value="1">Physical Exercise</type>
										<additionalDetails>This is the cardio conditioning exercise</additionalDetails>
										<instructions/>
									</action>

									<action xsi:type="ActionStep">
										<stopConditions>
											<stopCondition>
												<name type="http://measures.coded.values/" value="7">Repetitions</name>
												<value>
													<value>10</value>
													<unit type="http://indivo.org/codes/units#" value="t" abbrev="t">
														Times
													</unit>
												</value>
												<operator type="http://comparison.operators/" value="2">Greater or equal
													than
												</operator>
												<detail/>
											</stopCondition>
										</stopConditions>
										<targets/>
										<measurementPlans/>
										<devicePlans>
											<devicePlan>
												<name/>
												<type type="http://equipment.coded.values/" value="2">Dumbbell</type>
												<value>
													<value>500</value>
													<unit type="http://indivo.org/codes/units#" value="g" abbrev="g">
														grams
													</unit>
												</value>
												<site type="http://equipment.coded.values/" value="2">Left Hand</site>
												<instructions>Lift the weight</instructions>
											</devicePlan>
										</devicePlans>
										<medicationPlans/>

										<name type="http://actions.repository/" value="1">Arms Circles</name>
										<type type="http://actions.repository.type/" value="1">Physical Exercise</type>
										<additionalDetails>This is the cardio conditioning exercise</additionalDetails>
										<instructions/>
									</action>
								</actions>
							</action>
							<action xsi:type="ActionStep">
								<stopConditions>
									<stopCondition>
										<name type="http://measures.coded.values/" value="3">Repetitions</name>
										<value>
											<value>10</value>
											<unit type="http://indivo.org/codes/units#" value="t" abbrev="t">Times
											</unit>
										</value>
										<operator type="http://comparison.operators/" value="2">Greater or equal than
										</operator>
										<detail/>
									</stopCondition>
								</stopConditions>
								<targets/>
								<measurementPlans/>
								<devicePlans/>
								<medicationPlans/>

								<name type="http://actions.repository/" value="3">Lift Arms</name>
								<type type="http://actions.repository.type/" value="1">Physical Exercise</type>
								<additionalDetails>This is the cardio conditioning exercise</additionalDetails>
								<instructions/>
							</action>
						</actions>
					</action>
				</actions>
			</HealthActionPlan>
		</Item>
	</Report>
	<Report>
		<Meta>
			<Document id="0aa1895b-b4b6-4ebc-a401-15f0672ae00b"
					  type="http://indivo.org/vocab/xml/documents#HealthActionPlan" size="8928"
					  digest="22bc174b6a89c74e41528f73d64c65ac7739e24761fbac5496cda3a01f7bdde0" record_id="">
				<createdAt>2012-04-18T15:33:03Z</createdAt>
				<creator id="rpoole_test@records.media.mit.edu" type="Account">
					<fullname>Robert Poole</fullname>
				</creator>
				<original id="0aa1895b-b4b6-4ebc-a401-15f0672ae00b"/>
				<status>active</status>
				<nevershare>false</nevershare>
			</Document>
		</Meta>
		<Item>
			<HealthActionPlan
					xmlns:xsi="http://www.w3.org/2001/XMLSchema-instance"
					xmlns="http://indivo.org/vocab/xml/documents#">
				<name>Blood Pressure Plan</name>
				<planType>prescribed</planType>
				<plannedBy>rpoole@records.media.mit.edu</plannedBy>
				<datePlanned>2009-05-16T12:51:00-04:00</datePlanned>
				<dateExpires>2009-05-16T12:51:00-04:00</dateExpires>
				<indication>blood pressure measurementPlans protocol</indication>
				<!-- optional. allows you to specify that this plan has an specific indication -->
				<instructions>Put on the blood pressure monitor and Follow the protocol</instructions>
				<system type="http://system.repository.coded.values/" value="1">CollaboRhythm</system>

				<actions>
					<action xsi:type="ActionGroup">
						<position type="http://position.coded.values/" value="2">Seated</position>
						<stopConditions/>
						<targets/>
						<measurementPlans/>
						<devicePlans/>
						<medicationPlans/>

						<repeatCount>3</repeatCount>
						<actions>
							<action xsi:type="ActionStep">
								<position/>
								<stopConditions>
									<stopCondition>
										<name type="http://actions.repository.coded.values/" value="3">time</name>
										<value>
											<value>3</value>
											<unit type="http://indivo.org/codes/units#" value="m" abbrev="m">minutes
											</unit>
										</value>
										<operator type="http://comparison.operators/" value="1">Greater or equal than
										</operator>
									</stopCondition>
								</stopConditions>
								<targets/>
								<measurementPlans/>
								<devicePlans/>
								<medicationPlans/>

								<name type="http://actions.repository/" value="1">Rest</name>
								<type type="http://actions.repository.type/" value="1">Rest</type>
								<additionalDetails/>
								<instructions>Sit for three minutes</instructions>
							</action>

							<action xsi:type="ActionStep">
								<position/>
								<stopConditions/>
								<targets/>
								<measurementPlans>
									<measurementPlan>
										<name type="http://measures.coded.values/" value="1">BP</name>
										<type type="http://measures.type.coded.values/" value="3">Systolic</type>
										<aggregationFunction type="http://aggregation.coded.values/">avg
										</aggregationFunction>
									</measurementPlan>
									<measurementPlan>
										<name type="http://measures.coded.values/" value="1">BP</name>
										<type type="http://measures.type.coded.values/" value="3">Diastolic</type>
										<aggregationFunction type="http://aggregation.coded.values/">avg
										</aggregationFunction>
									</measurementPlan>
									<measurementPlan>
										<name type="http://measures.coded.values/" value="1">HR</name>
										<type/>
										<aggregationFunction type="http://aggregation.coded.values/">avg
										</aggregationFunction>
									</measurementPlan>
								</measurementPlans>

								<devicePlans/>
								<medicationPlans/>

								<name type="http://actions.repository/" value="1">Take Blood Pressure</name>
								<type type="http://actions.repository.type/" value="1">Blood Pressure</type>
								<additionalDetails/>
								<instructions>Take Blood Pressure while Seated</instructions>
							</action>
						</actions>
					</action>
					<action xsi:type="ActionGroup">
						<position type="http://position.coded.values/" value="2">Lie down</position>
						<stopConditions/>
						<targets/>
						<measurementPlans/>
						<devicePlans/>
						<medicationPlans/>

						<repeatCount>3</repeatCount>
						<actions>
							<action xsi:type="ActionStep">
								<position/>
								<stopConditions>
									<stopCondition>
										<name type="http://actions.repository.coded.values/" value="3">time</name>
										<value>
											<value>3</value>
											<unit type="http://indivo.org/codes/units#" value="m" abbrev="m">minutes
											</unit>
										</value>
										<operator type="http://comparison.operators/" value="1">Greater or equal than
										</operator>
									</stopCondition>
								</stopConditions>
								<targets/>
								<measurementPlans/>
								<devicePlans/>
								<medicationPlans/>

								<name type="http://actions.repository/" value="1">Rest</name>
								<type type="http://actions.repository.type/" value="1">Rest</type>
								<additionalDetails/>
								<instructions>Sit for three minutes</instructions>
							</action>

							<action xsi:type="ActionStep">
								<position/>
								<stopConditions/>
								<targets/>
								<measurementPlans>
									<measurementPlan>
										<name type="http://measures.coded.values/" value="1">BP</name>
										<type type="http://measures.type.coded.values/" value="3">Systolic</type>
										<aggregationFunction type="http://aggregation.coded.values/">avg
										</aggregationFunction>
									</measurementPlan>
									<measurementPlan>
										<name type="http://measures.coded.values/" value="1">BP</name>
										<type type="http://measures.type.coded.values/" value="3">Diastolic</type>
										<aggregationFunction type="http://aggregation.coded.values/">avg
										</aggregationFunction>
									</measurementPlan>
									<measurementPlan>
										<name type="http://measures.coded.values/" value="1">HR</name>
										<type/>
										<aggregationFunction type="http://aggregation.coded.values/">avg
										</aggregationFunction>
									</measurementPlan>
								</measurementPlans>

								<devicePlans/>
								<medicationPlans/>

								<name type="http://actions.repository/" value="1">Take Blood Pressure</name>
								<type type="http://actions.repository.type/" value="1">Blood Pressure</type>
								<additionalDetails/>
								<instructions>Take Blood Pressure while Seated</instructions>
							</action>
						</actions>
					</action>
					<action xsi:type="ActionGroup">
						<position type="http://position.coded.values/" value="2">Stand</position>
						<stopConditions/>
						<targets/>
						<measurementPlans/>
						<devicePlans/>
						<medicationPlans/>

						<repeatCount>3</repeatCount>
						<actions>
							<action xsi:type="ActionStep">
								<position/>
								<stopConditions>
									<stopCondition>
										<name type="http://actions.repository.coded.values/" value="3">time</name>
										<value>
											<value>3</value>
											<unit type="http://indivo.org/codes/units#" value="m" abbrev="m">minutes
											</unit>
										</value>
										<operator type="http://comparison.operators/" value="1">Greater or equal than
										</operator>
									</stopCondition>
								</stopConditions>
								<targets/>
								<measurementPlans/>
								<devicePlans/>
								<medicationPlans/>

								<name type="http://actions.repository/" value="1">Rest</name>
								<type type="http://actions.repository.type/" value="1">Rest</type>
								<additionalDetails/>
								<instructions>Sit for three minutes</instructions>
							</action>

							<action xsi:type="ActionStep">
								<position/>
								<stopConditions/>
								<targets/>
								<measurementPlans>
									<measurementPlan>
										<name type="http://measures.coded.values/" value="1">BP</name>
										<type type="http://measures.type.coded.values/" value="3">Systolic</type>
										<aggregationFunction type="http://aggregation.coded.values/">avg
										</aggregationFunction>
									</measurementPlan>
									<measurementPlan>
										<name type="http://measures.coded.values/" value="1">BP</name>
										<type type="http://measures.type.coded.values/" value="3">Diastolic</type>
										<aggregationFunction type="http://aggregation.coded.values/">avg
										</aggregationFunction>
									</measurementPlan>
									<measurementPlan>
										<name type="http://measures.coded.values/" value="1">HR</name>
										<type/>
										<aggregationFunction type="http://aggregation.coded.values/">avg
										</aggregationFunction>
									</measurementPlan>
								</measurementPlans>

								<devicePlans/>
								<medicationPlans/>

								<name type="http://actions.repository/" value="1">Take Blood Pressure</name>
								<type type="http://actions.repository.type/" value="1">Blood Pressure</type>
								<additionalDetails/>
								<instructions>Take Blood Pressure while Seated</instructions>
							</action>
						</actions>
					</action>
				</actions>
			</HealthActionPlan>
		</Item>
	</Report>
</Reports>